[2026-07-21T14:47:50.726+0000] {manager.py:469} INFO - Processing files using up to 2 processes at a time 
[2026-07-21T14:47:50.726+0000] {manager.py:470} INFO - Process each file at most once every 30 seconds
[2026-07-21T14:47:50.726+0000] {manager.py:471} INFO - Checking for new files in /home/airflow/dags every 300 seconds
[2026-07-21T14:47:50.727+0000] {manager.py:738} INFO - Searching for files in /home/airflow/dags
[2026-07-21T14:47:50.745+0000] {manager.py:741} INFO - There are 2 files in /home/airflow/dags
[2026-07-21T14:47:50.905+0000] {manager.py:879} INFO - 
================================================================================
DAG File Processing Stats

File Path                                    PID  Runtime      # DAGs    # Errors  Last Runtime    Last Run
-----------------------------------------  -----  ---------  --------  ----------  --------------  -------------------
/home/airflow/dags/dag_factory.py             26  0.06s             0           0
/home/airflow/dags/helpers/email_alert.py                           0           0  0.09s           2026-07-21T14:47:50
================================================================================
[2026-07-21T14:48:21.041+0000] {manager.py:879} INFO - 
================================================================================
DAG File Processing Stats

File Path                                    PID  Runtime      # DAGs    # Errors  Last Runtime    Last Run
-----------------------------------------  -----  ---------  --------  ----------  --------------  -------------------
/home/airflow/dags/helpers/email_alert.py     27  0.01s             0           0  0.09s           2026-07-21T14:47:50
/home/airflow/dags/dag_factory.py                                   2           0  0.51s           2026-07-21T14:47:51
================================================================================
[2026-07-21T14:48:51.279+0000] {manager.py:879} INFO - 
================================================================================
DAG File Processing Stats

File Path                                    PID  Runtime      # DAGs    # Errors  Last Runtime    Last Run
-----------------------------------------  -----  ---------  --------  ----------  --------------  -------------------
/home/airflow/dags/helpers/email_alert.py     29  0.01s             0           0  0.10s           2026-07-21T14:48:21
/home/airflow/dags/dag_factory.py                                   2           0  0.14s           2026-07-21T14:48:22
================================================================================
[2026-07-21T14:49:21.470+0000] {manager.py:879} INFO - 
================================================================================
DAG File Processing Stats

File Path                                    PID  Runtime      # DAGs    # Errors  Last Runtime    Last Run
-----------------------------------------  -----  ---------  --------  ----------  --------------  -------------------
/home/airflow/dags/helpers/email_alert.py     31  0.01s             0           0  0.05s           2026-07-21T14:48:51
/home/airflow/dags/dag_factory.py                                   2           0  0.15s           2026-07-21T14:48:52
================================================================================
[2026-07-21T14:49:51.661+0000] {manager.py:879} INFO - 
================================================================================
DAG File Processing Stats

File Path                                    PID  Runtime      # DAGs    # Errors  Last Runtime    Last Run
-----------------------------------------  -----  ---------  --------  ----------  --------------  -------------------
/home/airflow/dags/helpers/email_alert.py     33  0.01s             0           0  0.05s           2026-07-21T14:49:21
/home/airflow/dags/dag_factory.py                                   2           0  0.17s           2026-07-21T14:49:22
================================================================================
[2026-07-21T14:50:21.875+0000] {manager.py:879} INFO - 
================================================================================
DAG File Processing Stats

File Path                                    PID  Runtime      # DAGs    # Errors  Last Runtime    Last Run
-----------------------------------------  -----  ---------  --------  ----------  --------------  -------------------
/home/airflow/dags/helpers/email_alert.py     35  0.01s             0           0  0.05s           2026-07-21T14:49:51
/home/airflow/dags/dag_factory.py                                   2           0  0.14s           2026-07-21T14:49:52
================================================================================
[2026-07-21T14:50:52.078+0000] {manager.py:879} INFO - 
================================================================================
DAG File Processing Stats

File Path                                    PID  Runtime      # DAGs    # Errors  Last Runtime    Last Run
-----------------------------------------  -----  ---------  --------  ----------  --------------  -------------------
/home/airflow/dags/helpers/email_alert.py     37  0.01s             0           0  0.06s           2026-07-21T14:50:21
/home/airflow/dags/dag_factory.py                                   2           0  0.15s           2026-07-21T14:50:23
================================================================================
[2026-07-21T14:51:22.274+0000] {manager.py:879} INFO - 
================================================================================
DAG File Processing Stats

File Path                                    PID  Runtime      # DAGs    # Errors  Last Runtime    Last Run
-----------------------------------------  -----  ---------  --------  ----------  --------------  -------------------
/home/airflow/dags/helpers/email_alert.py     39  0.01s             0           0  0.05s           2026-07-21T14:50:52
/home/airflow/dags/dag_factory.py                                   2           0  0.13s           2026-07-21T14:50:53
================================================================================
[2026-07-21T14:51:52.459+0000] {manager.py:879} INFO - 
================================================================================
DAG File Processing Stats

File Path                                    PID  Runtime      # DAGs    # Errors  Last Runtime    Last Run
-----------------------------------------  -----  ---------  --------  ----------  --------------  -------------------
/home/airflow/dags/helpers/email_alert.py     41  0.01s             0           0  0.05s           2026-07-21T14:51:22
/home/airflow/dags/dag_factory.py                                   2           0  0.13s           2026-07-21T14:51:23
================================================================================
